../Core/Src/main.c:143:5:main	8	static
../Core/Src/main.c:244:6:SystemClock_Config	88	static
../Core/Src/main.c:291:13:MX_TIM2_Init	64	static
../Core/Src/main.c:350:13:MX_TIM3_Init	32	static
../Core/Src/main.c:395:13:MX_TIM4_Init	48	static
../Core/Src/main.c:456:13:MX_GPIO_Init	40	static
../Core/Src/main.c:538:6:LerSensores	8	static
../Core/Src/main.c:546:10:Read_Ultrasonic	48	static
../Core/Src/main.c:576:6:SetDefaultSpeed	4	static
../Core/Src/main.c:583:6:RightMotorSpeed	16	static
../Core/Src/main.c:595:6:LeftMotorSpeed	16	static
../Core/Src/main.c:609:6:RightMotorForward	8	static
../Core/Src/main.c:616:6:RightMotorBackward	8	static
../Core/Src/main.c:621:6:RightMotorStop	8	static
../Core/Src/main.c:630:6:LeftMotorForward	8	static
../Core/Src/main.c:637:6:LeftMotorBackward	8	static
../Core/Src/main.c:642:6:LeftMotorStop	8	static
../Core/Src/main.c:652:6:moveFoward	8	static
../Core/Src/main.c:667:6:moveBackward	8	static
../Core/Src/main.c:680:6:RotateRight	8	static
../Core/Src/main.c:697:6:HAL_GPIO_EXTI_Callback	16	static
../Core/Src/main.c:718:6:StartDefaultTask	16	static
../Core/Src/main.c:782:6:StartRightMotor	16	static
../Core/Src/main.c:828:6:StartLeftMotor	16	static
../Core/Src/main.c:881:6:HAL_TIM_PeriodElapsedCallback	16	static
../Core/Src/main.c:898:6:Error_Handler	4	static,ignoring_inline_asm
