../Core/Src/main.c:110:5:main	8	static
../Core/Src/main.c:201:6:SystemClock_Config	88	static
../Core/Src/main.c:242:13:MX_TIM4_Init	48	static
../Core/Src/main.c:303:13:MX_GPIO_Init	48	static
../Core/Src/main.c:361:6:SetDefaultSpeed	4	static
../Core/Src/main.c:368:6:RightMotorSpeed	16	static
../Core/Src/main.c:379:7:LeftMotorSpeed	16	static
../Core/Src/main.c:390:6:RightMotorForward	8	static
../Core/Src/main.c:397:6:RightMotorBackward	8	static
../Core/Src/main.c:402:6:RightMotorStop	8	static
../Core/Src/main.c:409:6:LeftMotorForward	8	static
../Core/Src/main.c:417:6:LeftMotorBackward	8	static
../Core/Src/main.c:422:6:LeftMotorStop	8	static
../Core/Src/main.c:430:6:moveFoward	8	static
../Core/Src/main.c:445:6:RotateRight	8	static
../Core/Src/main.c:462:6:HAL_GPIO_EXTI_Callback	16	static
../Core/Src/main.c:481:6:StartDefaultTask	16	static
../Core/Src/main.c:516:6:StartRightMotor	16	static
../Core/Src/main.c:555:6:StartLeftMotor	16	static
../Core/Src/main.c:601:6:HAL_TIM_PeriodElapsedCallback	16	static
../Core/Src/main.c:618:6:Error_Handler	4	static,ignoring_inline_asm
